// Jest Snapshot v1, https://goo.gl/fbAQLP

exports[`Table Test Suite Table tree should match snapshot one 1`] = `
<div
  className="makeStyles-root-9"
>
  <div
    className="MuiPaper-root makeStyles-paper-10 MuiPaper-elevation1 MuiPaper-rounded"
  >
    <div
      className="MuiTableContainer-root"
    >
      <div
        className="MuiFormControl-root MuiTextField-root MuiFormControl-marginNormal MuiFormControl-fullWidth"
      >
        <label
          className="MuiFormLabel-root MuiInputLabel-root MuiInputLabel-formControl MuiInputLabel-animated MuiInputLabel-outlined"
          data-shrink={false}
          htmlFor="search"
          id="search-label"
        >
          Search...
        </label>
        <div
          className="MuiInputBase-root MuiOutlinedInput-root MuiInputBase-fullWidth MuiInputBase-formControl"
          onClick={[Function]}
        >
          <input
            aria-invalid={false}
            autoComplete="search"
            autoFocus={false}
            className="MuiInputBase-input MuiOutlinedInput-input"
            disabled={false}
            id="search"
            name="search"
            onAnimationStart={[Function]}
            onBlur={[Function]}
            onChange={[Function]}
            onFocus={[Function]}
            required={false}
            type="text"
          />
          <fieldset
            aria-hidden={true}
            className="PrivateNotchedOutline-root-12 MuiOutlinedInput-notchedOutline"
          >
            <legend
              className="PrivateNotchedOutline-legendLabelled-14"
            >
              <span>
                Search...
              </span>
            </legend>
          </fieldset>
        </div>
      </div>
      <table
        aria-label="enhanced table"
        aria-labelledby="tableTitle"
        className="MuiTable-root makeStyles-table-11"
        role={null}
      >
        <thead
          className="MuiTableHead-root"
          role={null}
        >
          <tr
            className="MuiTableRow-root MuiTableRow-head"
            role={null}
          >
            <th
              aria-sort={null}
              className="MuiTableCell-root MuiTableCell-head"
              scope="col"
            >
              <span
                aria-disabled={false}
                className="MuiButtonBase-root MuiTableSortLabel-root"
                onBlur={[Function]}
                onClick={[Function]}
                onDragLeave={[Function]}
                onFocus={[Function]}
                onKeyDown={[Function]}
                onKeyUp={[Function]}
                onMouseDown={[Function]}
                onMouseLeave={[Function]}
                onMouseUp={[Function]}
                onTouchEnd={[Function]}
                onTouchMove={[Function]}
                onTouchStart={[Function]}
                role="button"
                tabIndex={0}
              >
                Name
                <svg
                  aria-hidden={true}
                  className="MuiSvgIcon-root MuiTableSortLabel-icon MuiTableSortLabel-iconDirectionAsc"
                  focusable="false"
                  viewBox="0 0 24 24"
                >
                  <path
                    d="M20 12l-1.41-1.41L13 16.17V4h-2v12.17l-5.58-5.59L4 12l8 8 8-8z"
                  />
                </svg>
              </span>
            </th>
            <th
              aria-sort={null}
              className="MuiTableCell-root MuiTableCell-head"
              scope="col"
            >
              <span
                aria-disabled={false}
                className="MuiButtonBase-root MuiTableSortLabel-root"
                onBlur={[Function]}
                onClick={[Function]}
                onDragLeave={[Function]}
                onFocus={[Function]}
                onKeyDown={[Function]}
                onKeyUp={[Function]}
                onMouseDown={[Function]}
                onMouseLeave={[Function]}
                onMouseUp={[Function]}
                onTouchEnd={[Function]}
                onTouchMove={[Function]}
                onTouchStart={[Function]}
                role="button"
                tabIndex={0}
              >
                Email
                <svg
                  aria-hidden={true}
                  className="MuiSvgIcon-root MuiTableSortLabel-icon MuiTableSortLabel-iconDirectionAsc"
                  focusable="false"
                  viewBox="0 0 24 24"
                >
                  <path
                    d="M20 12l-1.41-1.41L13 16.17V4h-2v12.17l-5.58-5.59L4 12l8 8 8-8z"
                  />
                </svg>
              </span>
            </th>
            <th
              aria-sort={null}
              className="MuiTableCell-root MuiTableCell-head"
              scope="col"
            >
              <span
                aria-disabled={false}
                className="MuiButtonBase-root MuiTableSortLabel-root"
                onBlur={[Function]}
                onClick={[Function]}
                onDragLeave={[Function]}
                onFocus={[Function]}
                onKeyDown={[Function]}
                onKeyUp={[Function]}
                onMouseDown={[Function]}
                onMouseLeave={[Function]}
                onMouseUp={[Function]}
                onTouchEnd={[Function]}
                onTouchMove={[Function]}
                onTouchStart={[Function]}
                role="button"
                tabIndex={0}
              >
                Number of kids
                <svg
                  aria-hidden={true}
                  className="MuiSvgIcon-root MuiTableSortLabel-icon MuiTableSortLabel-iconDirectionAsc"
                  focusable="false"
                  viewBox="0 0 24 24"
                >
                  <path
                    d="M20 12l-1.41-1.41L13 16.17V4h-2v12.17l-5.58-5.59L4 12l8 8 8-8z"
                  />
                </svg>
              </span>
            </th>
            <th
              aria-sort={null}
              className="MuiTableCell-root MuiTableCell-head"
              scope="col"
            >
              <span
                aria-disabled={false}
                className="MuiButtonBase-root MuiTableSortLabel-root"
                onBlur={[Function]}
                onClick={[Function]}
                onDragLeave={[Function]}
                onFocus={[Function]}
                onKeyDown={[Function]}
                onKeyUp={[Function]}
                onMouseDown={[Function]}
                onMouseLeave={[Function]}
                onMouseUp={[Function]}
                onTouchEnd={[Function]}
                onTouchMove={[Function]}
                onTouchStart={[Function]}
                role="button"
                tabIndex={0}
              >
                Birthday
                <svg
                  aria-hidden={true}
                  className="MuiSvgIcon-root MuiTableSortLabel-icon MuiTableSortLabel-iconDirectionAsc"
                  focusable="false"
                  viewBox="0 0 24 24"
                >
                  <path
                    d="M20 12l-1.41-1.41L13 16.17V4h-2v12.17l-5.58-5.59L4 12l8 8 8-8z"
                  />
                </svg>
              </span>
            </th>
          </tr>
        </thead>
        <tbody
          className="MuiTableBody-root"
          role={null}
        >
          <tr
            className="MuiTableRow-root MuiTableRow-hover"
            role={null}
            tabIndex={-1}
          >
            <th
              aria-sort={null}
              className="MuiTableCell-root MuiTableCell-body"
              id="enhanced-table-checkbox-0"
              role="cell"
              scope="row"
            >
              Adam Smith
            </th>
            <td
              aria-sort={null}
              className="MuiTableCell-root MuiTableCell-body"
            >
              adamsmith@gmail.com
            </td>
            <td
              aria-sort={null}
              className="MuiTableCell-root MuiTableCell-body"
            >
              1
            </td>
            <td
              aria-sort={null}
              className="MuiTableCell-root MuiTableCell-body"
            >
              2020-10-29
            </td>
          </tr>
          <tr
            className="MuiTableRow-root MuiTableRow-hover"
            role={null}
            tabIndex={-1}
          >
            <th
              aria-sort={null}
              className="MuiTableCell-root MuiTableCell-body"
              id="enhanced-table-checkbox-1"
              role="cell"
              scope="row"
            >
              John Smith
            </th>
            <td
              aria-sort={null}
              className="MuiTableCell-root MuiTableCell-body"
            >
              johnsmith@gmail.com
            </td>
            <td
              aria-sort={null}
              className="MuiTableCell-root MuiTableCell-body"
            >
              1
            </td>
            <td
              aria-sort={null}
              className="MuiTableCell-root MuiTableCell-body"
            >
              2020-10-29
            </td>
          </tr>
          <tr
            className="MuiTableRow-root MuiTableRow-hover"
            role={null}
            tabIndex={-1}
          >
            <th
              aria-sort={null}
              className="MuiTableCell-root MuiTableCell-body"
              id="enhanced-table-checkbox-2"
              role="cell"
              scope="row"
            >
              John Smith
            </th>
            <td
              aria-sort={null}
              className="MuiTableCell-root MuiTableCell-body"
            >
              johnsmith@gmail.com
            </td>
            <td
              aria-sort={null}
              className="MuiTableCell-root MuiTableCell-body"
            >
              2
            </td>
            <td
              aria-sort={null}
              className="MuiTableCell-root MuiTableCell-body"
            >
              1975-01-01
            </td>
          </tr>
          <tr
            className="MuiTableRow-root MuiTableRow-hover"
            role={null}
            tabIndex={-1}
          >
            <th
              aria-sort={null}
              className="MuiTableCell-root MuiTableCell-body"
              id="enhanced-table-checkbox-3"
              role="cell"
              scope="row"
            >
              Jake Smith
            </th>
            <td
              aria-sort={null}
              className="MuiTableCell-root MuiTableCell-body"
            >
              jakesmith@gmail.com
            </td>
            <td
              aria-sort={null}
              className="MuiTableCell-root MuiTableCell-body"
            >
              3
            </td>
            <td
              aria-sort={null}
              className="MuiTableCell-root MuiTableCell-body"
            >
              2020-10-29
            </td>
          </tr>
          <tr
            className="MuiTableRow-root MuiTableRow-hover"
            role={null}
            tabIndex={-1}
          >
            <th
              aria-sort={null}
              className="MuiTableCell-root MuiTableCell-body"
              id="enhanced-table-checkbox-4"
              role="cell"
              scope="row"
            >
              Jack Smith
            </th>
            <td
              aria-sort={null}
              className="MuiTableCell-root MuiTableCell-body"
            >
              jacksmith@gmail.com
            </td>
            <td
              aria-sort={null}
              className="MuiTableCell-root MuiTableCell-body"
            >
              4
            </td>
            <td
              aria-sort={null}
              className="MuiTableCell-root MuiTableCell-body"
            >
              2020-10-29
            </td>
          </tr>
          <tr
            className="MuiTableRow-root MuiTableRow-hover"
            role={null}
            tabIndex={-1}
          >
            <th
              aria-sort={null}
              className="MuiTableCell-root MuiTableCell-body"
              id="enhanced-table-checkbox-5"
              role="cell"
              scope="row"
            >
              Jill Smith
            </th>
            <td
              aria-sort={null}
              className="MuiTableCell-root MuiTableCell-body"
            >
              jillsmith@gmail.com
            </td>
            <td
              aria-sort={null}
              className="MuiTableCell-root MuiTableCell-body"
            >
              151
            </td>
            <td
              aria-sort={null}
              className="MuiTableCell-root MuiTableCell-body"
            >
              2020-10-29
            </td>
          </tr>
          <tr
            className="MuiTableRow-root MuiTableRow-hover"
            role={null}
            tabIndex={-1}
          >
            <th
              aria-sort={null}
              className="MuiTableCell-root MuiTableCell-body"
              id="enhanced-table-checkbox-6"
              role="cell"
              scope="row"
            >
              John Smith
            </th>
            <td
              aria-sort={null}
              className="MuiTableCell-root MuiTableCell-body"
            >
              johnsmith@gmail.com
            </td>
            <td
              aria-sort={null}
              className="MuiTableCell-root MuiTableCell-body"
            >
              15
            </td>
            <td
              aria-sort={null}
              className="MuiTableCell-root MuiTableCell-body"
            >
              2020-10-29
            </td>
          </tr>
          <tr
            className="MuiTableRow-root MuiTableRow-hover"
            role={null}
            tabIndex={-1}
          >
            <th
              aria-sort={null}
              className="MuiTableCell-root MuiTableCell-body"
              id="enhanced-table-checkbox-7"
              role="cell"
              scope="row"
            >
              John Smith
            </th>
            <td
              aria-sort={null}
              className="MuiTableCell-root MuiTableCell-body"
            >
              johnsmith@gmail.com
            </td>
            <td
              aria-sort={null}
              className="MuiTableCell-root MuiTableCell-body"
            >
              10
            </td>
            <td
              aria-sort={null}
              className="MuiTableCell-root MuiTableCell-body"
            >
              2020-10-29
            </td>
          </tr>
          <tr
            className="MuiTableRow-root MuiTableRow-hover"
            role={null}
            tabIndex={-1}
          >
            <th
              aria-sort={null}
              className="MuiTableCell-root MuiTableCell-body"
              id="enhanced-table-checkbox-8"
              role="cell"
              scope="row"
            >
              John Smith
            </th>
            <td
              aria-sort={null}
              className="MuiTableCell-root MuiTableCell-body"
            >
              johnsmith@gmail.com
            </td>
            <td
              aria-sort={null}
              className="MuiTableCell-root MuiTableCell-body"
            >
              5
            </td>
            <td
              aria-sort={null}
              className="MuiTableCell-root MuiTableCell-body"
            >
              2020-10-29
            </td>
          </tr>
          <tr
            className="MuiTableRow-root MuiTableRow-hover"
            role={null}
            tabIndex={-1}
          >
            <th
              aria-sort={null}
              className="MuiTableCell-root MuiTableCell-body"
              id="enhanced-table-checkbox-9"
              role="cell"
              scope="row"
            >
              John Smith
            </th>
            <td
              aria-sort={null}
              className="MuiTableCell-root MuiTableCell-body"
            >
              johnsmith@gmail.com
            </td>
            <td
              aria-sort={null}
              className="MuiTableCell-root MuiTableCell-body"
            >
              1
            </td>
            <td
              aria-sort={null}
              className="MuiTableCell-root MuiTableCell-body"
            >
              2020-10-29
            </td>
          </tr>
        </tbody>
      </table>
    </div>
    <div
      className="MuiTablePagination-root"
    >
      <div
        className="MuiToolbar-root MuiToolbar-regular MuiTablePagination-toolbar MuiToolbar-gutters"
      >
        <div
          className="MuiTablePagination-spacer"
        />
        <p
          className="MuiTypography-root MuiTablePagination-caption MuiTypography-body2 MuiTypography-colorInherit"
        >
          Rows per page:
        </p>
        <div
          className="MuiInputBase-root MuiTablePagination-input MuiTablePagination-selectRoot"
          onClick={[Function]}
        >
          <div
            aria-haspopup="listbox"
            className="MuiSelect-root MuiSelect-select MuiTablePagination-select MuiSelect-selectMenu MuiInputBase-input"
            onBlur={[Function]}
            onFocus={[Function]}
            onKeyDown={[Function]}
            onMouseDown={[Function]}
            role="button"
            tabIndex={0}
          >
            15
          </div>
          <input
            aria-hidden={true}
            className="MuiSelect-nativeInput"
            onAnimationStart={[Function]}
            onChange={[Function]}
            tabIndex={-1}
            value={15}
          />
          <svg
            aria-hidden={true}
            className="MuiSvgIcon-root MuiSelect-icon MuiTablePagination-selectIcon"
            focusable="false"
            viewBox="0 0 24 24"
          >
            <path
              d="M7 10l5 5 5-5z"
            />
          </svg>
        </div>
        <p
          className="MuiTypography-root MuiTablePagination-caption MuiTypography-body2 MuiTypography-colorInherit"
        >
          1-10 of 10
        </p>
        <div
          className="MuiTablePagination-actions"
        >
          <button
            aria-label="Previous page"
            className="MuiButtonBase-root MuiIconButton-root MuiIconButton-colorInherit Mui-disabled Mui-disabled"
            disabled={true}
            onBlur={[Function]}
            onClick={[Function]}
            onDragLeave={[Function]}
            onFocus={[Function]}
            onKeyDown={[Function]}
            onKeyUp={[Function]}
            onMouseDown={[Function]}
            onMouseLeave={[Function]}
            onMouseUp={[Function]}
            onTouchEnd={[Function]}
            onTouchMove={[Function]}
            onTouchStart={[Function]}
            tabIndex={-1}
            title="Previous page"
            type="button"
          >
            <span
              className="MuiIconButton-label"
            >
              <svg
                aria-hidden={true}
                className="MuiSvgIcon-root"
                focusable="false"
                viewBox="0 0 24 24"
              >
                <path
                  d="M15.41 16.09l-4.58-4.59 4.58-4.59L14 5.5l-6 6 6 6z"
                />
              </svg>
            </span>
          </button>
          <button
            aria-label="Next page"
            className="MuiButtonBase-root MuiIconButton-root MuiIconButton-colorInherit Mui-disabled Mui-disabled"
            disabled={true}
            onBlur={[Function]}
            onClick={[Function]}
            onDragLeave={[Function]}
            onFocus={[Function]}
            onKeyDown={[Function]}
            onKeyUp={[Function]}
            onMouseDown={[Function]}
            onMouseLeave={[Function]}
            onMouseUp={[Function]}
            onTouchEnd={[Function]}
            onTouchMove={[Function]}
            onTouchStart={[Function]}
            tabIndex={-1}
            title="Next page"
            type="button"
          >
            <span
              className="MuiIconButton-label"
            >
              <svg
                aria-hidden={true}
                className="MuiSvgIcon-root"
                focusable="false"
                viewBox="0 0 24 24"
              >
                <path
                  d="M8.59 16.34l4.58-4.59-4.58-4.59L10 5.75l6 6-6 6z"
                />
              </svg>
            </span>
          </button>
        </div>
      </div>
    </div>
  </div>
</div>
`;
